// Jest Snapshot v1, https://goo.gl/fbAQLP

exports[`function bind correctly work with directives 1`] = `
Object {
  "Options": Object {
    "handler": [MockFunction] {
      "calls": Array [
        Array [
          Component {
            "ID": "component",
            "UI": Store {
              "byId": Map {
                "component" => [Circular],
              },
            },
            "__cache__": Object {},
            "click": [Function],
            "ctx": Object {
              "DI": Object {
                "bind": [Function],
                "bindLazy": [Function],
                "resolve": [Function],
              },
              "ID": "component",
              "appendDirectives": [Function],
              "appendFilters": [Function],
              "blocks": Array [],
              "container": <body>
                <button>
                  click me
                </button>
              </body>,
              "directives": Object {
                "onclick": [Function],
              },
              "extend": [Function],
              "filters": Object {},
              "onUpdate": [Function],
              "owner": [Circular],
              "ref": null,
              "resetOwner": [Function],
            },
            "dom": Object {
              "build": [Function],
              "comment": [Function],
              "el": [Function],
              "text": [Function],
              "unsafe": [Function],
            },
            "hooks": Object {
              "create": [Function],
              "rehydrate": [Function],
              "resolveID": [Function],
            },
            "isRoot": true,
            "nested": Array [],
            "nodes": Array [
              <button>
                click me
              </button>,
            ],
            "onMount": Array [
              [Function],
            ],
            "onReceive": Array [],
            "onRemove": Array [
              [Function],
            ],
            "onRender": [Function],
            "options": Object {
              "handler": [MockFunction] {
                "calls": [Circular],
                "results": Array [
                  Object {
                    "isThrow": false,
                    "value": undefined,
                  },
                ],
              },
            },
            "spots": Array [],
          },
          "click",
        ],
      ],
      "results": Array [
        Object {
          "isThrow": false,
          "value": undefined,
        },
      ],
    },
  },
  "html": "<button>click me</button>",
}
`;
